// Jest Snapshot v1, https://goo.gl/fbAQLP

exports[`<PageLoader /> When error prop iquals true should renders properly 1`] = `
<h1>
  Something went wrong!!
</h1>
`;

exports[`<PageLoader /> When pastDelay prop iquals to true should renders properly 1`] = `
<div
  className="wrapper"
>
  <div
    className="rubikLoader"
  />
</div>
`;

exports[`<PageLoader /> When there is no error and pastDelay prop iquals to false should renders properly 1`] = `null`;
